Using ''add_integer''
--------------------------------------------------
>>> add_integer = __import__('0-add_integer').add_integer

>>> add_integer(2, 2)
4

>>> add_integer(4.8)
102

>>> add_integer(1, 4, 5)
Traceback (most recent call last):
...
TypeError: add_integer() takes from 1 to 2 positional arguments but 3 were given

>>> add_integer(2, "string")
Traceback (most recent call last):
...
TypeError: b must be an integer

>>> add_integer(None)
Traceback (most recent call last):
...
TypeError: a must be an integer

>>> add_integer()
Traceback (most recent call last):
...
TypeError: add_integer() missing 1 required positional argument: 'a'

>>> add_integer(1, float('nan'))
Traceback (most recent call last):
...
ValueError: cannot convert float NaN to integer
>>> add_integer(1, float('inf'))
Traceback (most recent call last):
...
OverflowError: cannot convert float infinity to integer
